{
    "Params: --analysis 'germline' --variant_type 'structural' --method 'truvari,svbenchmark,wittyer'": {
        "content": [
            121,
            null,
            [
                "pipeline_info",
                "pipeline_info/nf_core_variantbenchmarking_software_mqc_versions.yml",
                "structural",
                "structural/HG002",
                "structural/HG002/preprocess",
                "structural/HG002/preprocess/HG002.vcf.gz",
                "structural/HG002/preprocess/HG002.vcf.gz.tbi",
                "structural/HG002/stats",
                "structural/HG002/stats/bcftools",
                "structural/HG002/stats/bcftools/HG002.bcftools_stats.txt",
                "structural/HG002/stats/survivor",
                "structural/HG002/stats/survivor/HG002_mqc.stats",
                "structural/multiqc",
                "structural/multiqc/multiqc_data",
                "structural/multiqc/multiqc_data/bcftools_stats_indel-lengths.txt",
                "structural/multiqc/multiqc_data/bcftools_stats_vqc_Count_Indels.txt",
                "structural/multiqc/multiqc_data/bcftools_stats_vqc_Count_SNP.txt",
                "structural/multiqc/multiqc_data/bcftools_stats_vqc_Count_Transitions.txt",
                "structural/multiqc/multiqc_data/bcftools_stats_vqc_Count_Transversions.txt",
                "structural/multiqc/multiqc_data/multiqc.log",
                "structural/multiqc/multiqc_data/multiqc_bcftools_stats.txt",
                "structural/multiqc/multiqc_data/multiqc_citations.txt",
                "structural/multiqc/multiqc_data/multiqc_data.json",
                "structural/multiqc/multiqc_data/multiqc_general_stats.txt",
                "structural/multiqc/multiqc_data/multiqc_software_versions.txt",
                "structural/multiqc/multiqc_data/multiqc_sources.txt",
                "structural/multiqc/multiqc_data/multiqc_survivor.txt",
                "structural/multiqc/multiqc_plots",
                "structural/multiqc/multiqc_plots/pdf",
                "structural/multiqc/multiqc_plots/pdf/bcftools_stats_indel-lengths.pdf",
                "structural/multiqc/multiqc_plots/pdf/bcftools_stats_vqc_Count_Indels.pdf",
                "structural/multiqc/multiqc_plots/pdf/bcftools_stats_vqc_Count_SNP.pdf",
                "structural/multiqc/multiqc_plots/pdf/bcftools_stats_vqc_Count_Transitions.pdf",
                "structural/multiqc/multiqc_plots/pdf/bcftools_stats_vqc_Count_Transversions.pdf",
                "structural/multiqc/multiqc_plots/pdf/general_stats_table.pdf",
                "structural/multiqc/multiqc_plots/pdf/survivor-cnt.pdf",
                "structural/multiqc/multiqc_plots/pdf/survivor-pct.pdf",
                "structural/multiqc/multiqc_plots/png",
                "structural/multiqc/multiqc_plots/png/bcftools_stats_indel-lengths.png",
                "structural/multiqc/multiqc_plots/png/bcftools_stats_vqc_Count_Indels.png",
                "structural/multiqc/multiqc_plots/png/bcftools_stats_vqc_Count_SNP.png",
                "structural/multiqc/multiqc_plots/png/bcftools_stats_vqc_Count_Transitions.png",
                "structural/multiqc/multiqc_plots/png/bcftools_stats_vqc_Count_Transversions.png",
                "structural/multiqc/multiqc_plots/png/general_stats_table.png",
                "structural/multiqc/multiqc_plots/png/survivor-cnt.png",
                "structural/multiqc/multiqc_plots/png/survivor-pct.png",
                "structural/multiqc/multiqc_plots/svg",
                "structural/multiqc/multiqc_plots/svg/bcftools_stats_indel-lengths.svg",
                "structural/multiqc/multiqc_plots/svg/bcftools_stats_vqc_Count_Indels.svg",
                "structural/multiqc/multiqc_plots/svg/bcftools_stats_vqc_Count_SNP.svg",
                "structural/multiqc/multiqc_plots/svg/bcftools_stats_vqc_Count_Transitions.svg",
                "structural/multiqc/multiqc_plots/svg/bcftools_stats_vqc_Count_Transversions.svg",
                "structural/multiqc/multiqc_plots/svg/general_stats_table.svg",
                "structural/multiqc/multiqc_plots/svg/survivor-cnt.svg",
                "structural/multiqc/multiqc_plots/svg/survivor-pct.svg",
                "structural/multiqc/multiqc_report.html",
                "structural/summary",
                "structural/summary/comparisons",
                "structural/summary/comparisons/svbenchmark.FN.csv",
                "structural/summary/comparisons/svbenchmark.FP.csv",
                "structural/summary/comparisons/truvari.FN.csv",
                "structural/summary/comparisons/truvari.FP.csv",
                "structural/summary/comparisons/truvari.TP_base.csv",
                "structural/summary/comparisons/truvari.TP_comp.csv",
                "structural/summary/datavzrd",
                "structural/summary/datavzrd/svbenchmark",
                "structural/summary/datavzrd/svbenchmark/index.html",
                "structural/summary/datavzrd/svbenchmark/static",
                "structural/summary/datavzrd/svbenchmark/static/bootstrap-select.min.css",
                "structural/summary/datavzrd/svbenchmark/static/bootstrap-table-fixed-columns.min.css",
                "structural/summary/datavzrd/svbenchmark/static/bootstrap-table.min.css",
                "structural/summary/datavzrd/svbenchmark/static/bootstrap.min.css",
                "structural/summary/datavzrd/svbenchmark/static/bundle.js",
                "structural/summary/datavzrd/svbenchmark/static/datavzrd.css",
                "structural/summary/datavzrd/svbenchmark/test",
                "structural/summary/datavzrd/svbenchmark/test/config.js",
                "structural/summary/datavzrd/svbenchmark/test/data",
                "structural/summary/datavzrd/svbenchmark/test/data/data_1.js",
                "structural/summary/datavzrd/svbenchmark/test/functions.js",
                "structural/summary/datavzrd/svbenchmark/test/heatmap.js",
                "structural/summary/datavzrd/svbenchmark/test/index_1.html",
                "structural/summary/datavzrd/svbenchmark/test/plots",
                "structural/summary/datavzrd/svbenchmark/test/plots/plot_0.js",
                "structural/summary/datavzrd/svbenchmark/test/plots/plot_1.js",
                "structural/summary/datavzrd/svbenchmark/test/plots/plot_2.js",
                "structural/summary/datavzrd/svbenchmark/test/plots/plot_3.js",
                "structural/summary/datavzrd/svbenchmark/test/plots/plot_4.js",
                "structural/summary/datavzrd/svbenchmark/test/plots/plot_5.js",
                "structural/summary/datavzrd/svbenchmark/test/plots/plot_6.js",
                "structural/summary/datavzrd/svbenchmark/test/plots/plot_7.js",
                "structural/summary/datavzrd/truvari",
                "structural/summary/datavzrd/truvari/index.html",
                "structural/summary/datavzrd/truvari/static",
                "structural/summary/datavzrd/truvari/static/bootstrap-select.min.css",
                "structural/summary/datavzrd/truvari/static/bootstrap-table-fixed-columns.min.css",
                "structural/summary/datavzrd/truvari/static/bootstrap-table.min.css",
                "structural/summary/datavzrd/truvari/static/bootstrap.min.css",
                "structural/summary/datavzrd/truvari/static/bundle.js",
                "structural/summary/datavzrd/truvari/static/datavzrd.css",
                "structural/summary/datavzrd/truvari/test",
                "structural/summary/datavzrd/truvari/test/config.js",
                "structural/summary/datavzrd/truvari/test/data",
                "structural/summary/datavzrd/truvari/test/data/data_1.js",
                "structural/summary/datavzrd/truvari/test/functions.js",
                "structural/summary/datavzrd/truvari/test/heatmap.js",
                "structural/summary/datavzrd/truvari/test/index_1.html",
                "structural/summary/datavzrd/truvari/test/plots",
                "structural/summary/datavzrd/truvari/test/plots/plot_0.js",
                "structural/summary/datavzrd/truvari/test/plots/plot_1.js",
                "structural/summary/datavzrd/truvari/test/plots/plot_2.js",
                "structural/summary/datavzrd/truvari/test/plots/plot_3.js",
                "structural/summary/datavzrd/truvari/test/plots/plot_4.js",
                "structural/summary/datavzrd/truvari/test/plots/plot_5.js",
                "structural/summary/datavzrd/truvari/test/plots/plot_6.js",
                "structural/summary/datavzrd/truvari/test/plots/plot_7.js",
                "structural/summary/datavzrd/versions.yml",
                "structural/summary/datavzrd/wittyer",
                "structural/summary/datavzrd/wittyer/index.html",
                "structural/summary/datavzrd/wittyer/static",
                "structural/summary/datavzrd/wittyer/static/bootstrap-select.min.css",
                "structural/summary/datavzrd/wittyer/static/bootstrap-table-fixed-columns.min.css",
                "structural/summary/datavzrd/wittyer/static/bootstrap-table.min.css",
                "structural/summary/datavzrd/wittyer/static/bootstrap.min.css",
                "structural/summary/datavzrd/wittyer/static/bundle.js",
                "structural/summary/datavzrd/wittyer/static/datavzrd.css",
                "structural/summary/datavzrd/wittyer/test",
                "structural/summary/datavzrd/wittyer/test/config.js",
                "structural/summary/datavzrd/wittyer/test/data",
                "structural/summary/datavzrd/wittyer/test/data/data_1.js",
                "structural/summary/datavzrd/wittyer/test/functions.js",
                "structural/summary/datavzrd/wittyer/test/heatmap.js",
                "structural/summary/datavzrd/wittyer/test/index_1.html",
                "structural/summary/datavzrd/wittyer/test/plots",
                "structural/summary/datavzrd/wittyer/test/plots/plot_0.js",
                "structural/summary/datavzrd/wittyer/test/plots/plot_1.js",
                "structural/summary/datavzrd/wittyer/test/plots/plot_2.js",
                "structural/summary/datavzrd/wittyer/test/plots/plot_3.js",
                "structural/summary/datavzrd/wittyer/test/plots/plot_4.js",
                "structural/summary/datavzrd/wittyer/test/plots/plot_5.js",
                "structural/summary/datavzrd/wittyer/test/plots/plot_6.js",
                "structural/summary/datavzrd/wittyer/test/plots/plot_7.js",
                "structural/summary/datavzrd/wittyer/test/plots/plot_8.js",
                "structural/summary/plots",
                "structural/summary/plots/svbenchmark",
                "structural/summary/plots/svbenchmark/metric_by_tool_svbenchmark_mqc.png",
                "structural/summary/plots/svbenchmark/variants_by_tool_svbenchmark_mqc.png",
                "structural/summary/plots/truvari",
                "structural/summary/plots/truvari/metric_by_tool_truvari_mqc.png",
                "structural/summary/plots/truvari/variants_by_tool_truvari_mqc.png",
                "structural/summary/plots/wittyer",
                "structural/summary/plots/wittyer/Base_metric_by_tool_wittyer_mqc.png",
                "structural/summary/plots/wittyer/Base_variants_by_tool_wittyer_mqc.png",
                "structural/summary/plots/wittyer/Event_metric_by_tool_wittyer_mqc.png",
                "structural/summary/plots/wittyer/Event_variants_by_tool_wittyer_mqc.png",
                "structural/summary/tables",
                "structural/summary/tables/svbenchmark",
                "structural/summary/tables/svbenchmark/svbenchmark.summary.csv",
                "structural/summary/tables/truvari",
                "structural/summary/tables/truvari/truvari.summary.csv",
                "structural/summary/tables/wittyer",
                "structural/summary/tables/wittyer/wittyer.summary.csv",
                "structural/test1",
                "structural/test1/benchmarks",
                "structural/test1/benchmarks/svanalyzer",
                "structural/test1/benchmarks/svanalyzer/test1.HG002.manta.distances",
                "structural/test1/benchmarks/svanalyzer/test1.HG002.manta.falsenegatives.vcf.gz",
                "structural/test1/benchmarks/svanalyzer/test1.HG002.manta.falsepositives.vcf.gz",
                "structural/test1/benchmarks/svanalyzer/test1.HG002.manta.log",
                "structural/test1/benchmarks/svanalyzer/test1.HG002.manta.report",
                "structural/test1/benchmarks/truvari",
                "structural/test1/benchmarks/truvari/test1.HG002.manta.fn.vcf.gz",
                "structural/test1/benchmarks/truvari/test1.HG002.manta.fn.vcf.gz.tbi",
                "structural/test1/benchmarks/truvari/test1.HG002.manta.fp.vcf.gz",
                "structural/test1/benchmarks/truvari/test1.HG002.manta.fp.vcf.gz.tbi",
                "structural/test1/benchmarks/truvari/test1.HG002.manta.summary.json",
                "structural/test1/benchmarks/truvari/test1.HG002.manta.tp-base.vcf.gz",
                "structural/test1/benchmarks/truvari/test1.HG002.manta.tp-base.vcf.gz.tbi",
                "structural/test1/benchmarks/truvari/test1.HG002.manta.tp-comp.vcf.gz",
                "structural/test1/benchmarks/truvari/test1.HG002.manta.tp-comp.vcf.gz.tbi",
                "structural/test1/benchmarks/wittyer",
                "structural/test1/benchmarks/wittyer/test1.HG002.manta.json",
                "structural/test1/benchmarks/wittyer/test1.HG002.manta.vcf.gz",
                "structural/test1/benchmarks/wittyer/test1.HG002.manta.vcf.gz.tbi",
                "structural/test1/preprocess",
                "structural/test1/preprocess/test1.vcf.gz",
                "structural/test1/preprocess/test1.vcf.gz.tbi",
                "structural/test1/stats",
                "structural/test1/stats/bcftools",
                "structural/test1/stats/bcftools/test1.manta.bcftools_stats.txt",
                "structural/test1/stats/survivor",
                "structural/test1/stats/survivor/test1.manta_mqc.stats",
                "structural/test2",
                "structural/test2/benchmarks",
                "structural/test2/benchmarks/svanalyzer",
                "structural/test2/benchmarks/svanalyzer/test2.HG002.merged.distances",
                "structural/test2/benchmarks/svanalyzer/test2.HG002.merged.falsenegatives.vcf.gz",
                "structural/test2/benchmarks/svanalyzer/test2.HG002.merged.falsepositives.vcf.gz",
                "structural/test2/benchmarks/svanalyzer/test2.HG002.merged.log",
                "structural/test2/benchmarks/svanalyzer/test2.HG002.merged.report",
                "structural/test2/benchmarks/truvari",
                "structural/test2/benchmarks/truvari/test2.HG002.merged.fn.vcf.gz",
                "structural/test2/benchmarks/truvari/test2.HG002.merged.fn.vcf.gz.tbi",
                "structural/test2/benchmarks/truvari/test2.HG002.merged.fp.vcf.gz",
                "structural/test2/benchmarks/truvari/test2.HG002.merged.fp.vcf.gz.tbi",
                "structural/test2/benchmarks/truvari/test2.HG002.merged.summary.json",
                "structural/test2/benchmarks/truvari/test2.HG002.merged.tp-base.vcf.gz",
                "structural/test2/benchmarks/truvari/test2.HG002.merged.tp-base.vcf.gz.tbi",
                "structural/test2/benchmarks/truvari/test2.HG002.merged.tp-comp.vcf.gz",
                "structural/test2/benchmarks/truvari/test2.HG002.merged.tp-comp.vcf.gz.tbi",
                "structural/test2/benchmarks/wittyer",
                "structural/test2/benchmarks/wittyer/test2.HG002.merged.json",
                "structural/test2/benchmarks/wittyer/test2.HG002.merged.vcf.gz",
                "structural/test2/benchmarks/wittyer/test2.HG002.merged.vcf.gz.tbi",
                "structural/test2/preprocess",
                "structural/test2/preprocess/test2.vcf.gz",
                "structural/test2/preprocess/test2.vcf.gz.tbi",
                "structural/test2/stats",
                "structural/test2/stats/bcftools",
                "structural/test2/stats/bcftools/test2.merged.bcftools_stats.txt",
                "structural/test2/stats/survivor",
                "structural/test2/stats/survivor/test2.merged_mqc.stats",
                "structural/test3",
                "structural/test3/benchmarks",
                "structural/test3/benchmarks/svanalyzer",
                "structural/test3/benchmarks/svanalyzer/test3.HG002.dragen.distances",
                "structural/test3/benchmarks/svanalyzer/test3.HG002.dragen.falsenegatives.vcf.gz",
                "structural/test3/benchmarks/svanalyzer/test3.HG002.dragen.falsepositives.vcf.gz",
                "structural/test3/benchmarks/svanalyzer/test3.HG002.dragen.log",
                "structural/test3/benchmarks/svanalyzer/test3.HG002.dragen.report",
                "structural/test3/benchmarks/truvari",
                "structural/test3/benchmarks/truvari/test3.HG002.dragen.fn.vcf.gz",
                "structural/test3/benchmarks/truvari/test3.HG002.dragen.fn.vcf.gz.tbi",
                "structural/test3/benchmarks/truvari/test3.HG002.dragen.fp.vcf.gz",
                "structural/test3/benchmarks/truvari/test3.HG002.dragen.fp.vcf.gz.tbi",
                "structural/test3/benchmarks/truvari/test3.HG002.dragen.summary.json",
                "structural/test3/benchmarks/truvari/test3.HG002.dragen.tp-base.vcf.gz",
                "structural/test3/benchmarks/truvari/test3.HG002.dragen.tp-base.vcf.gz.tbi",
                "structural/test3/benchmarks/truvari/test3.HG002.dragen.tp-comp.vcf.gz",
                "structural/test3/benchmarks/truvari/test3.HG002.dragen.tp-comp.vcf.gz.tbi",
                "structural/test3/benchmarks/wittyer",
                "structural/test3/benchmarks/wittyer/test3.HG002.dragen.json",
                "structural/test3/benchmarks/wittyer/test3.HG002.dragen.vcf.gz",
                "structural/test3/benchmarks/wittyer/test3.HG002.dragen.vcf.gz.tbi",
                "structural/test3/preprocess",
                "structural/test3/preprocess/test3.vcf.gz",
                "structural/test3/preprocess/test3.vcf.gz.tbi",
                "structural/test3/stats",
                "structural/test3/stats/bcftools",
                "structural/test3/stats/bcftools/test3.dragen.bcftools_stats.txt",
                "structural/test3/stats/survivor",
                "structural/test3/stats/survivor/test3.dragen_mqc.stats"
            ],
            [
                "HG002.bcftools_stats.txt:md5,06ee97dcd1b34ddca03a7e5f9af23e68",
                "HG002_mqc.stats:md5,68681df47b35e3193be03610f5c6e3d6",
                "test1.HG002.manta.distances:md5,346f18a5cbeece98716951c8fc2aaea4",
                "test1.HG002.manta.report:md5,4a53712a9d15fa6dfe6ddd5848ca691c",
                "test1.manta.bcftools_stats.txt:md5,9a82df362fe77db3330544f2b98b439e",
                "test1.manta_mqc.stats:md5,011ad66fec4287d32cb728c40e240c0b",
                "test2.HG002.merged.distances:md5,346f18a5cbeece98716951c8fc2aaea4",
                "test2.HG002.merged.report:md5,4a53712a9d15fa6dfe6ddd5848ca691c",
                "test2.merged.bcftools_stats.txt:md5,bbd579cedaf78b6199fb71e52acfc14d",
                "test2.merged_mqc.stats:md5,011ad66fec4287d32cb728c40e240c0b",
                "test3.HG002.dragen.distances:md5,346f18a5cbeece98716951c8fc2aaea4",
                "test3.HG002.dragen.report:md5,4a53712a9d15fa6dfe6ddd5848ca691c",
                "test3.dragen.bcftools_stats.txt:md5,73648a9eb3b6cd5049f579ef861637b2",
                "test3.dragen_mqc.stats:md5,011ad66fec4287d32cb728c40e240c0b"
            ]
        ],
        "meta": {
            "nf-test": "0.9.2",
            "nextflow": "24.10.4"
        },
        "timestamp": "2025-01-29T12:17:47.644313415"
    },
    "-stub": {
        "content": [
            121,
            null,
            [
                "pipeline_info",
                "pipeline_info/nf_core_variantbenchmarking_software_mqc_versions.yml",
                "structural",
                "structural/HG002",
                "structural/HG002/preprocess",
                "structural/HG002/preprocess/HG002.vcf.gz",
                "structural/HG002/preprocess/HG002.vcf.gz.tbi",
                "structural/HG002/stats",
                "structural/HG002/stats/bcftools",
                "structural/HG002/stats/bcftools/HG002.bcftools_stats.txt",
                "structural/HG002/stats/survivor",
                "structural/HG002/stats/survivor/HG002_mqc.stats",
                "structural/multiqc",
                "structural/multiqc/multiqc_data",
                "structural/multiqc/multiqc_plots",
                "structural/multiqc/multiqc_report.html",
                "structural/summary",
                "structural/summary/comparisons",
                "structural/summary/comparisons/svbenchmark.FN.csv",
                "structural/summary/comparisons/svbenchmark.FP.csv",
                "structural/summary/comparisons/truvari.FN.csv",
                "structural/summary/comparisons/truvari.FP.csv",
                "structural/summary/comparisons/truvari.TP_base.csv",
                "structural/summary/comparisons/truvari.TP_comp.csv",
                "structural/summary/datavzrd",
                "structural/summary/datavzrd/svbenchmark",
                "structural/summary/datavzrd/svbenchmark/index.html",
                "structural/summary/datavzrd/svbenchmark/network",
                "structural/summary/datavzrd/svbenchmark/network/config.js",
                "structural/summary/datavzrd/svbenchmark/network/data",
                "structural/summary/datavzrd/svbenchmark/network/data/data_1.js",
                "structural/summary/datavzrd/svbenchmark/network/functions.js",
                "structural/summary/datavzrd/svbenchmark/network/heatmap.js",
                "structural/summary/datavzrd/svbenchmark/network/index_1.html",
                "structural/summary/datavzrd/svbenchmark/network/plots",
                "structural/summary/datavzrd/svbenchmark/network/plots/plot_0.js",
                "structural/summary/datavzrd/svbenchmark/static",
                "structural/summary/datavzrd/svbenchmark/static/bootstrap-select.min.css",
                "structural/summary/datavzrd/svbenchmark/static/bootstrap-table-fixed-columns.min.css",
                "structural/summary/datavzrd/svbenchmark/static/bootstrap-table.min.css",
                "structural/summary/datavzrd/svbenchmark/static/bootstrap.min.css",
                "structural/summary/datavzrd/svbenchmark/static/bundle.js",
                "structural/summary/datavzrd/svbenchmark/static/datavzrd.css",
                "structural/summary/datavzrd/truvari",
                "structural/summary/datavzrd/truvari/index.html",
                "structural/summary/datavzrd/truvari/network",
                "structural/summary/datavzrd/truvari/network/config.js",
                "structural/summary/datavzrd/truvari/network/data",
                "structural/summary/datavzrd/truvari/network/data/data_1.js",
                "structural/summary/datavzrd/truvari/network/functions.js",
                "structural/summary/datavzrd/truvari/network/heatmap.js",
                "structural/summary/datavzrd/truvari/network/index_1.html",
                "structural/summary/datavzrd/truvari/network/plots",
                "structural/summary/datavzrd/truvari/network/plots/plot_0.js",
                "structural/summary/datavzrd/truvari/static",
                "structural/summary/datavzrd/truvari/static/bootstrap-select.min.css",
                "structural/summary/datavzrd/truvari/static/bootstrap-table-fixed-columns.min.css",
                "structural/summary/datavzrd/truvari/static/bootstrap-table.min.css",
                "structural/summary/datavzrd/truvari/static/bootstrap.min.css",
                "structural/summary/datavzrd/truvari/static/bundle.js",
                "structural/summary/datavzrd/truvari/static/datavzrd.css",
                "structural/summary/datavzrd/versions.yml",
                "structural/summary/datavzrd/wittyer",
                "structural/summary/datavzrd/wittyer/index.html",
                "structural/summary/datavzrd/wittyer/network",
                "structural/summary/datavzrd/wittyer/network/config.js",
                "structural/summary/datavzrd/wittyer/network/data",
                "structural/summary/datavzrd/wittyer/network/data/data_1.js",
                "structural/summary/datavzrd/wittyer/network/functions.js",
                "structural/summary/datavzrd/wittyer/network/heatmap.js",
                "structural/summary/datavzrd/wittyer/network/index_1.html",
                "structural/summary/datavzrd/wittyer/network/plots",
                "structural/summary/datavzrd/wittyer/network/plots/plot_0.js",
                "structural/summary/datavzrd/wittyer/static",
                "structural/summary/datavzrd/wittyer/static/bootstrap-select.min.css",
                "structural/summary/datavzrd/wittyer/static/bootstrap-table-fixed-columns.min.css",
                "structural/summary/datavzrd/wittyer/static/bootstrap-table.min.css",
                "structural/summary/datavzrd/wittyer/static/bootstrap.min.css",
                "structural/summary/datavzrd/wittyer/static/bundle.js",
                "structural/summary/datavzrd/wittyer/static/datavzrd.css",
                "structural/summary/plots",
                "structural/summary/plots/svbenchmark",
                "structural/summary/plots/svbenchmark/metric_by_tool_svbenchmark_mqc.png",
                "structural/summary/plots/svbenchmark/variants_by_tool_svbenchmark_mqc.png",
                "structural/summary/plots/truvari",
                "structural/summary/plots/truvari/metric_by_tool_truvari_mqc.png",
                "structural/summary/plots/truvari/variants_by_tool_truvari_mqc.png",
                "structural/summary/plots/wittyer",
                "structural/summary/plots/wittyer/metric_by_tool_wittyer_mqc.png",
                "structural/summary/plots/wittyer/variants_by_tool_wittyer_mqc.png",
                "structural/summary/tables",
                "structural/summary/tables/svbenchmark",
                "structural/summary/tables/svbenchmark/svbenchmark.regions.csv",
                "structural/summary/tables/svbenchmark/svbenchmark.summary.csv",
                "structural/summary/tables/truvari",
                "structural/summary/tables/truvari/truvari.regions.csv",
                "structural/summary/tables/truvari/truvari.summary.csv",
                "structural/summary/tables/wittyer",
                "structural/summary/tables/wittyer/wittyer.regions.csv",
                "structural/summary/tables/wittyer/wittyer.summary.csv",
                "structural/test1",
                "structural/test1/benchmarks",
                "structural/test1/benchmarks/svanalyzer",
                "structural/test1/benchmarks/svanalyzer/test1.HG002.manta.distances",
                "structural/test1/benchmarks/svanalyzer/test1.HG002.manta.falsenegatives.vcf.gz",
                "structural/test1/benchmarks/svanalyzer/test1.HG002.manta.falsepositives.vcf.gz",
                "structural/test1/benchmarks/svanalyzer/test1.HG002.manta.log",
                "structural/test1/benchmarks/svanalyzer/test1.HG002.manta.report",
                "structural/test1/benchmarks/truvari",
                "structural/test1/benchmarks/truvari/test1.HG002.manta.fn.vcf.gz",
                "structural/test1/benchmarks/truvari/test1.HG002.manta.fn.vcf.gz.tbi",
                "structural/test1/benchmarks/truvari/test1.HG002.manta.fp.vcf.gz",
                "structural/test1/benchmarks/truvari/test1.HG002.manta.fp.vcf.gz.tbi",
                "structural/test1/benchmarks/truvari/test1.HG002.manta.summary.json",
                "structural/test1/benchmarks/truvari/test1.HG002.manta.tp-base.vcf.gz",
                "structural/test1/benchmarks/truvari/test1.HG002.manta.tp-base.vcf.gz.tbi",
                "structural/test1/benchmarks/truvari/test1.HG002.manta.tp-comp.vcf.gz",
                "structural/test1/benchmarks/truvari/test1.HG002.manta.tp-comp.vcf.gz.tbi",
                "structural/test1/benchmarks/wittyer",
                "structural/test1/benchmarks/wittyer/test1.HG002.manta.json",
                "structural/test1/benchmarks/wittyer/test1.HG002.manta.vcf.gz",
                "structural/test1/benchmarks/wittyer/test1.HG002.manta.vcf.gz.tbi",
                "structural/test1/preprocess",
                "structural/test1/preprocess/test1.vcf.gz",
                "structural/test1/preprocess/test1.vcf.gz.tbi",
                "structural/test1/stats",
                "structural/test1/stats/bcftools",
                "structural/test1/stats/bcftools/test1.manta.bcftools_stats.txt",
                "structural/test1/stats/survivor",
                "structural/test1/stats/survivor/test1.manta_mqc.stats",
                "structural/test2",
                "structural/test2/benchmarks",
                "structural/test2/benchmarks/svanalyzer",
                "structural/test2/benchmarks/svanalyzer/test2.HG002.merged.distances",
                "structural/test2/benchmarks/svanalyzer/test2.HG002.merged.falsenegatives.vcf.gz",
                "structural/test2/benchmarks/svanalyzer/test2.HG002.merged.falsepositives.vcf.gz",
                "structural/test2/benchmarks/svanalyzer/test2.HG002.merged.log",
                "structural/test2/benchmarks/svanalyzer/test2.HG002.merged.report",
                "structural/test2/benchmarks/truvari",
                "structural/test2/benchmarks/truvari/test2.HG002.merged.fn.vcf.gz",
                "structural/test2/benchmarks/truvari/test2.HG002.merged.fn.vcf.gz.tbi",
                "structural/test2/benchmarks/truvari/test2.HG002.merged.fp.vcf.gz",
                "structural/test2/benchmarks/truvari/test2.HG002.merged.fp.vcf.gz.tbi",
                "structural/test2/benchmarks/truvari/test2.HG002.merged.summary.json",
                "structural/test2/benchmarks/truvari/test2.HG002.merged.tp-base.vcf.gz",
                "structural/test2/benchmarks/truvari/test2.HG002.merged.tp-base.vcf.gz.tbi",
                "structural/test2/benchmarks/truvari/test2.HG002.merged.tp-comp.vcf.gz",
                "structural/test2/benchmarks/truvari/test2.HG002.merged.tp-comp.vcf.gz.tbi",
                "structural/test2/benchmarks/wittyer",
                "structural/test2/benchmarks/wittyer/test2.HG002.merged.json",
                "structural/test2/benchmarks/wittyer/test2.HG002.merged.vcf.gz",
                "structural/test2/benchmarks/wittyer/test2.HG002.merged.vcf.gz.tbi",
                "structural/test2/preprocess",
                "structural/test2/preprocess/test2.vcf.gz",
                "structural/test2/preprocess/test2.vcf.gz.tbi",
                "structural/test2/stats",
                "structural/test2/stats/bcftools",
                "structural/test2/stats/bcftools/test2.merged.bcftools_stats.txt",
                "structural/test2/stats/survivor",
                "structural/test2/stats/survivor/test2.merged_mqc.stats",
                "structural/test3",
                "structural/test3/benchmarks",
                "structural/test3/benchmarks/svanalyzer",
                "structural/test3/benchmarks/svanalyzer/test3.HG002.dragen.distances",
                "structural/test3/benchmarks/svanalyzer/test3.HG002.dragen.falsenegatives.vcf.gz",
                "structural/test3/benchmarks/svanalyzer/test3.HG002.dragen.falsepositives.vcf.gz",
                "structural/test3/benchmarks/svanalyzer/test3.HG002.dragen.log",
                "structural/test3/benchmarks/svanalyzer/test3.HG002.dragen.report",
                "structural/test3/benchmarks/truvari",
                "structural/test3/benchmarks/truvari/test3.HG002.dragen.fn.vcf.gz",
                "structural/test3/benchmarks/truvari/test3.HG002.dragen.fn.vcf.gz.tbi",
                "structural/test3/benchmarks/truvari/test3.HG002.dragen.fp.vcf.gz",
                "structural/test3/benchmarks/truvari/test3.HG002.dragen.fp.vcf.gz.tbi",
                "structural/test3/benchmarks/truvari/test3.HG002.dragen.summary.json",
                "structural/test3/benchmarks/truvari/test3.HG002.dragen.tp-base.vcf.gz",
                "structural/test3/benchmarks/truvari/test3.HG002.dragen.tp-base.vcf.gz.tbi",
                "structural/test3/benchmarks/truvari/test3.HG002.dragen.tp-comp.vcf.gz",
                "structural/test3/benchmarks/truvari/test3.HG002.dragen.tp-comp.vcf.gz.tbi",
                "structural/test3/benchmarks/wittyer",
                "structural/test3/benchmarks/wittyer/test3.HG002.dragen.json",
                "structural/test3/benchmarks/wittyer/test3.HG002.dragen.vcf.gz",
                "structural/test3/benchmarks/wittyer/test3.HG002.dragen.vcf.gz.tbi",
                "structural/test3/preprocess",
                "structural/test3/preprocess/test3.vcf.gz",
                "structural/test3/preprocess/test3.vcf.gz.tbi",
                "structural/test3/stats",
                "structural/test3/stats/bcftools",
                "structural/test3/stats/bcftools/test3.dragen.bcftools_stats.txt",
                "structural/test3/stats/survivor",
                "structural/test3/stats/survivor/test3.dragen_mqc.stats"
            ],
            [
                "HG002.bcftools_stats.txt:md5,d41d8cd98f00b204e9800998ecf8427e",
                "HG002_mqc.stats:md5,d41d8cd98f00b204e9800998ecf8427e",
                "test1.HG002.manta.distances:md5,d41d8cd98f00b204e9800998ecf8427e",
                "test1.HG002.manta.report:md5,d41d8cd98f00b204e9800998ecf8427e",
                "test1.manta.bcftools_stats.txt:md5,d41d8cd98f00b204e9800998ecf8427e",
                "test1.manta_mqc.stats:md5,d41d8cd98f00b204e9800998ecf8427e",
                "test2.HG002.merged.distances:md5,d41d8cd98f00b204e9800998ecf8427e",
                "test2.HG002.merged.report:md5,d41d8cd98f00b204e9800998ecf8427e",
                "test2.merged.bcftools_stats.txt:md5,d41d8cd98f00b204e9800998ecf8427e",
                "test2.merged_mqc.stats:md5,d41d8cd98f00b204e9800998ecf8427e",
                "test3.HG002.dragen.distances:md5,d41d8cd98f00b204e9800998ecf8427e",
                "test3.HG002.dragen.report:md5,d41d8cd98f00b204e9800998ecf8427e",
                "test3.dragen.bcftools_stats.txt:md5,d41d8cd98f00b204e9800998ecf8427e",
                "test3.dragen_mqc.stats:md5,d41d8cd98f00b204e9800998ecf8427e"
            ]
        ],
        "meta": {
            "nf-test": "0.9.2",
            "nextflow": "24.10.4"
        },
        "timestamp": "2025-01-29T12:20:02.006578062"
    }
}